This is pdfTeX, Version 3.141592653-2.6-1.40.27 (TeX Live 2025) (preloaded format=pdflatex 2026.1.13)  22 FEB 2026 22:37
entering extended mode
 restricted \write18 enabled.
 %&-line parsing enabled.
**main.tex
(./main.tex
LaTeX2e <2024-11-01> patch level 2
L3 programming layer <2025-01-18>

(/Volumes/SSD_M2_SATA_1TB/usr/local/texlive/2025/texmf-dist/tex/latex/base/repo
rt.cls
Document Class: report 2024/06/29 v1.4n Standard LaTeX document class

(/Volumes/SSD_M2_SATA_1TB/usr/local/texlive/2025/texmf-dist/tex/latex/base/size
12.clo
File: size12.clo 2024/06/29 v1.4n Standard LaTeX file (size option)
)
\c@part=\count196
\c@chapter=\count197
\c@section=\count198
\c@subsection=\count199
\c@subsubsection=\count266
\c@paragraph=\count267
\c@subparagraph=\count268
\c@figure=\count269
\c@table=\count270
\abovecaptionskip=\skip49
\belowcaptionskip=\skip50
\bibindent=\dimen141
)
(/Volumes/SSD_M2_SATA_1TB/usr/local/texlive/2025/texmf-dist/tex/latex/base/inpu
tenc.sty
Package: inputenc 2024/02/08 v1.3d Input encoding file
\inpenc@prehook=\toks17
\inpenc@posthook=\toks18
)
(/Volumes/SSD_M2_SATA_1TB/usr/local/texlive/2025/texmf-dist/tex/latex/vntex/vie
tnam.sty
Package: vietnam 2009/07/12 v1.3 support for Vietnamese

(/Volumes/SSD_M2_SATA_1TB/usr/local/texlive/2025/texmf-dist/tex/latex/base/ifth
en.sty
Package: ifthen 2024/03/16 v1.1e Standard LaTeX ifthen package (DPC)
)
(/Volumes/SSD_M2_SATA_1TB/usr/local/texlive/2025/texmf-dist/tex/latex/base/font
enc.sty
Package: fontenc 2021/04/29 v2.0v Standard LaTeX package

(/Volumes/SSD_M2_SATA_1TB/usr/local/texlive/2025/texmf-dist/tex/latex/vntex/t5e
nc.def
File: t5enc.def 2006/11/21 v1.4 Vietnamese T5 encoding
Now handling font encoding T5 ...
... processing UTF-8 mapping file for font encoding T5

(/Volumes/SSD_M2_SATA_1TB/usr/local/texlive/2025/texmf-dist/tex/latex/vntex/t5e
nc.dfu
File: t5enc.dfu 2006/08/19 v1.1 UTF8 support for Vietnamese
   defining Unicode char U+00AB (decimal 171)
   defining Unicode char U+00BB (decimal 187)
   defining Unicode char U+00C0 (decimal 192)
   defining Unicode char U+00C1 (decimal 193)
   defining Unicode char U+00C2 (decimal 194)
   defining Unicode char U+00C3 (decimal 195)
   defining Unicode char U+00C8 (decimal 200)
   defining Unicode char U+00C9 (decimal 201)
   defining Unicode char U+00CA (decimal 202)
   defining Unicode char U+00CC (decimal 204)
   defining Unicode char U+00CD (decimal 205)
   defining Unicode char U+00D2 (decimal 210)
   defining Unicode char U+00D3 (decimal 211)
   defining Unicode char U+00D4 (decimal 212)
   defining Unicode char U+00D5 (decimal 213)
   defining Unicode char U+00D9 (decimal 217)
   defining Unicode char U+00DA (decimal 218)
   defining Unicode char U+00DD (decimal 221)
   defining Unicode char U+00E0 (decimal 224)
   defining Unicode char U+00E1 (decimal 225)
   defining Unicode char U+00E2 (decimal 226)
   defining Unicode char U+00E3 (decimal 227)
   defining Unicode char U+00E8 (decimal 232)
   defining Unicode char U+00E9 (decimal 233)
   defining Unicode char U+00EA (decimal 234)
   defining Unicode char U+00EC (decimal 236)
   defining Unicode char U+00ED (decimal 237)
   defining Unicode char U+00F2 (decimal 242)
   defining Unicode char U+00F3 (decimal 243)
   defining Unicode char U+00F4 (decimal 244)
   defining Unicode char U+00F5 (decimal 245)
   defining Unicode char U+00F9 (decimal 249)
   defining Unicode char U+00FA (decimal 250)
   defining Unicode char U+00FD (decimal 253)
   defining Unicode char U+0102 (decimal 258)
   defining Unicode char U+0103 (decimal 259)
   defining Unicode char U+0110 (decimal 272)
   defining Unicode char U+0111 (decimal 273)
   defining Unicode char U+0128 (decimal 296)
   defining Unicode char U+0129 (decimal 297)
   defining Unicode char U+0131 (decimal 305)
   defining Unicode char U+0168 (decimal 360)
   defining Unicode char U+0169 (decimal 361)
   defining Unicode char U+01A0 (decimal 416)
   defining Unicode char U+01A1 (decimal 417)
   defining Unicode char U+01AF (decimal 431)
   defining Unicode char U+01B0 (decimal 432)
   defining Unicode char U+1EA0 (decimal 7840)
   defining Unicode char U+1EA1 (decimal 7841)
   defining Unicode char U+1EA2 (decimal 7842)
   defining Unicode char U+1EA3 (decimal 7843)
   defining Unicode char U+1EA4 (decimal 7844)
   defining Unicode char U+1EA5 (decimal 7845)
   defining Unicode char U+1EA6 (decimal 7846)
   defining Unicode char U+1EA7 (decimal 7847)
   defining Unicode char U+1EA8 (decimal 7848)
   defining Unicode char U+1EA9 (decimal 7849)
   defining Unicode char U+1EAA (decimal 7850)
   defining Unicode char U+1EAB (decimal 7851)
   defining Unicode char U+1EAC (decimal 7852)
   defining Unicode char U+1EAD (decimal 7853)
   defining Unicode char U+1EAE (decimal 7854)
   defining Unicode char U+1EAF (decimal 7855)
   defining Unicode char U+1EB0 (decimal 7856)
   defining Unicode char U+1EB1 (decimal 7857)
   defining Unicode char U+1EB2 (decimal 7858)
   defining Unicode char U+1EB3 (decimal 7859)
   defining Unicode char U+1EB4 (decimal 7860)
   defining Unicode char U+1EB5 (decimal 7861)
   defining Unicode char U+1EB6 (decimal 7862)
   defining Unicode char U+1EB7 (decimal 7863)
   defining Unicode char U+1EB8 (decimal 7864)
   defining Unicode char U+1EB9 (decimal 7865)
   defining Unicode char U+1EBA (decimal 7866)
   defining Unicode char U+1EBB (decimal 7867)
   defining Unicode char U+1EBC (decimal 7868)
   defining Unicode char U+1EBD (decimal 7869)
   defining Unicode char U+1EBE (decimal 7870)
   defining Unicode char U+1EBF (decimal 7871)
   defining Unicode char U+1EC0 (decimal 7872)
   defining Unicode char U+1EC1 (decimal 7873)
   defining Unicode char U+1EC2 (decimal 7874)
   defining Unicode char U+1EC3 (decimal 7875)
   defining Unicode char U+1EC4 (decimal 7876)
   defining Unicode char U+1EC5 (decimal 7877)
   defining Unicode char U+1EC6 (decimal 7878)
   defining Unicode char U+1EC7 (decimal 7879)
   defining Unicode char U+1EC8 (decimal 7880)
   defining Unicode char U+1EC9 (decimal 7881)
   defining Unicode char U+1ECA (decimal 7882)
   defining Unicode char U+1ECB (decimal 7883)
   defining Unicode char U+1ECC (decimal 7884)
   defining Unicode char U+1ECD (decimal 7885)
   defining Unicode char U+1ECE (decimal 7886)
   defining Unicode char U+1ECF (decimal 7887)
   defining Unicode char U+1ED0 (decimal 7888)
   defining Unicode char U+1ED1 (decimal 7889)
   defining Unicode char U+1ED2 (decimal 7890)
   defining Unicode char U+1ED3 (decimal 7891)
   defining Unicode char U+1ED4 (decimal 7892)
   defining Unicode char U+1ED5 (decimal 7893)
   defining Unicode char U+1ED6 (decimal 7894)
   defining Unicode char U+1ED7 (decimal 7895)
   defining Unicode char U+1ED8 (decimal 7896)
   defining Unicode char U+1ED9 (decimal 7897)
   defining Unicode char U+1EDA (decimal 7898)
   defining Unicode char U+1EDB (decimal 7899)
   defining Unicode char U+1EDC (decimal 7900)
   defining Unicode char U+1EDD (decimal 7901)
   defining Unicode char U+1EDE (decimal 7902)
   defining Unicode char U+1EDF (decimal 7903)
   defining Unicode char U+1EE0 (decimal 7904)
   defining Unicode char U+1EE1 (decimal 7905)
   defining Unicode char U+1EE2 (decimal 7906)
   defining Unicode char U+1EE3 (decimal 7907)
   defining Unicode char U+1EE4 (decimal 7908)
   defining Unicode char U+1EE5 (decimal 7909)
   defining Unicode char U+1EE6 (decimal 7910)
   defining Unicode char U+1EE7 (decimal 7911)
   defining Unicode char U+1EE8 (decimal 7912)
   defining Unicode char U+1EE9 (decimal 7913)
   defining Unicode char U+1EEA (decimal 7914)
   defining Unicode char U+1EEB (decimal 7915)
   defining Unicode char U+1EEC (decimal 7916)
   defining Unicode char U+1EED (decimal 7917)
   defining Unicode char U+1EEE (decimal 7918)
   defining Unicode char U+1EEF (decimal 7919)
   defining Unicode char U+1EF0 (decimal 7920)
   defining Unicode char U+1EF1 (decimal 7921)
   defining Unicode char U+1EF2 (decimal 7922)
   defining Unicode char U+1EF3 (decimal 7923)
   defining Unicode char U+1EF4 (decimal 7924)
   defining Unicode char U+1EF5 (decimal 7925)
   defining Unicode char U+1EF6 (decimal 7926)
   defining Unicode char U+1EF7 (decimal 7927)
   defining Unicode char U+1EF8 (decimal 7928)
   defining Unicode char U+1EF9 (decimal 7929)
   defining Unicode char U+200C (decimal 8204)
   defining Unicode char U+2013 (decimal 8211)
   defining Unicode char U+2014 (decimal 8212)
   defining Unicode char U+2018 (decimal 8216)
   defining Unicode char U+2019 (decimal 8217)
   defining Unicode char U+201A (decimal 8218)
   defining Unicode char U+201C (decimal 8220)
   defining Unicode char U+201D (decimal 8221)
   defining Unicode char U+201E (decimal 8222)
   defining Unicode char U+2030 (decimal 8240)
   defining Unicode char U+2031 (decimal 8241)
   defining Unicode char U+2039 (decimal 8249)
   defining Unicode char U+203A (decimal 8250)
   defining Unicode char U+2423 (decimal 9251)
))
LaTeX Font Info:    Trying to load font information for T5+cmr on input line 11
6.

(/Volumes/SSD_M2_SATA_1TB/usr/local/texlive/2025/texmf-dist/tex/latex/vntex/t5c
mr.fd
File: t5cmr.fd 1999/05/25 v2.5h Standard LaTeX font definitions
))
(/Volumes/SSD_M2_SATA_1TB/usr/local/texlive/2025/texmf-dist/tex/latex/vntex/vnc
aps.tex
File: vncaps.tex 2006/06/07 v1.1 Captions in Vietnamese
))
(/Volumes/SSD_M2_SATA_1TB/usr/local/texlive/2025/texmf-dist/tex/generic/babel/b
abel.sty
Package: babel 2025/02/14 v25.4 The multilingual framework for pdfLaTeX, LuaLaT
eX and XeLaTeX
\babel@savecnt=\count271
\U@D=\dimen142
\l@unhyphenated=\language90

(/Volumes/SSD_M2_SATA_1TB/usr/local/texlive/2025/texmf-dist/tex/generic/babel/t
xtbabel.def)
\bbl@readstream=\read2
\bbl@dirlevel=\count272

(/Volumes/SSD_M2_SATA_1TB/usr/local/texlive/2025/texmf-dist/tex/generic/babel-e
nglish/english.ldf
Language: english 2017/06/06 v3.3r English support from the babel system
))
(/Volumes/SSD_M2_SATA_1TB/usr/local/texlive/2025/texmf-dist/tex/generic/babel/l
ocale/en/babel-english.tex
Package babel Info: Importing font and identification data for english
(babel)             from babel-en.ini. Reported on input line 11.
)
(/Volumes/SSD_M2_SATA_1TB/usr/local/texlive/2025/texmf-dist/tex/latex/amsmath/a
msmath.sty
Package: amsmath 2024/11/05 v2.17t AMS math features
\@mathmargin=\skip51

For additional information on amsmath, use the `?' option.

(/Volumes/SSD_M2_SATA_1TB/usr/local/texlive/2025/texmf-dist/tex/latex/amsmath/a
mstext.sty
Package: amstext 2021/08/26 v2.01 AMS text

(/Volumes/SSD_M2_SATA_1TB/usr/local/texlive/2025/texmf-dist/tex/latex/amsmath/a
msgen.sty
File: amsgen.sty 1999/11/30 v2.0 generic functions
\@emptytoks=\toks19
\ex@=\dimen143
))
(/Volumes/SSD_M2_SATA_1TB/usr/local/texlive/2025/texmf-dist/tex/latex/amsmath/a
msbsy.sty
Package: amsbsy 1999/11/29 v1.2d Bold Symbols
\pmbraise@=\dimen144
)
(/Volumes/SSD_M2_SATA_1TB/usr/local/texlive/2025/texmf-dist/tex/latex/amsmath/a
msopn.sty
Package: amsopn 2022/04/08 v2.04 operator names
)
\inf@bad=\count273
LaTeX Info: Redefining \frac on input line 233.
\uproot@=\count274
\leftroot@=\count275
LaTeX Info: Redefining \overline on input line 398.
LaTeX Info: Redefining \colon on input line 409.
\classnum@=\count276
\DOTSCASE@=\count277
LaTeX Info: Redefining \ldots on input line 495.
LaTeX Info: Redefining \dots on input line 498.
LaTeX Info: Redefining \cdots on input line 619.
\Mathstrutbox@=\box52
\strutbox@=\box53
LaTeX Info: Redefining \big on input line 721.
LaTeX Info: Redefining \Big on input line 722.
LaTeX Info: Redefining \bigg on input line 723.
LaTeX Info: Redefining \Bigg on input line 724.
\big@size=\dimen145
LaTeX Font Info:    Redeclaring font encoding OML on input line 742.
LaTeX Font Info:    Redeclaring font encoding OMS on input line 743.
\macc@depth=\count278
LaTeX Info: Redefining \bmod on input line 904.
LaTeX Info: Redefining \pmod on input line 909.
LaTeX Info: Redefining \smash on input line 939.
LaTeX Info: Redefining \relbar on input line 969.
LaTeX Info: Redefining \Relbar on input line 970.
\c@MaxMatrixCols=\count279
\dotsspace@=\muskip17
\c@parentequation=\count280
\dspbrk@lvl=\count281
\tag@help=\toks20
\row@=\count282
\column@=\count283
\maxfields@=\count284
\andhelp@=\toks21
\eqnshift@=\dimen146
\alignsep@=\dimen147
\tagshift@=\dimen148
\tagwidth@=\dimen149
\totwidth@=\dimen150
\lineht@=\dimen151
\@envbody=\toks22
\multlinegap=\skip52
\multlinetaggap=\skip53
\mathdisplay@stack=\toks23
LaTeX Info: Redefining \[ on input line 2953.
LaTeX Info: Redefining \] on input line 2954.
)
(/Volumes/SSD_M2_SATA_1TB/usr/local/texlive/2025/texmf-dist/tex/latex/amsfonts/
amsfonts.sty
Package: amsfonts 2013/01/14 v3.01 Basic AMSFonts support
\symAMSa=\mathgroup4
\symAMSb=\mathgroup5
LaTeX Font Info:    Redeclaring math symbol \hbar on input line 98.
LaTeX Font Info:    Overwriting math alphabet `\mathfrak' in version `bold'
(Font)                  U/euf/m/n --> U/euf/b/n on input line 106.
)
(/Volumes/SSD_M2_SATA_1TB/usr/local/texlive/2025/texmf-dist/tex/latex/amsfonts/
amssymb.sty
Package: amssymb 2013/01/14 v3.01 AMS font symbols
)
(/Volumes/SSD_M2_SATA_1TB/usr/local/texlive/2025/texmf-dist/tex/latex/graphics/
graphicx.sty
Package: graphicx 2021/09/16 v1.2d Enhanced LaTeX Graphics (DPC,SPQR)

(/Volumes/SSD_M2_SATA_1TB/usr/local/texlive/2025/texmf-dist/tex/latex/graphics/
keyval.sty
Package: keyval 2022/05/29 v1.15 key=value parser (DPC)
\KV@toks@=\toks24
)
(/Volumes/SSD_M2_SATA_1TB/usr/local/texlive/2025/texmf-dist/tex/latex/graphics/
graphics.sty
Package: graphics 2024/08/06 v1.4g Standard LaTeX Graphics (DPC,SPQR)

(/Volumes/SSD_M2_SATA_1TB/usr/local/texlive/2025/texmf-dist/tex/latex/graphics/
trig.sty
Package: trig 2023/12/02 v1.11 sin cos tan (DPC)
)
(/Volumes/SSD_M2_SATA_1TB/usr/local/texlive/2025/texmf-dist/tex/latex/graphics-
cfg/graphics.cfg
File: graphics.cfg 2016/06/04 v1.11 sample graphics configuration
)
Package graphics Info: Driver file: pdftex.def on input line 106.

(/Volumes/SSD_M2_SATA_1TB/usr/local/texlive/2025/texmf-dist/tex/latex/graphics-
def/pdftex.def
File: pdftex.def 2024/04/13 v1.2c Graphics/color driver for pdftex
))
\Gin@req@height=\dimen152
\Gin@req@width=\dimen153
)
(/Volumes/SSD_M2_SATA_1TB/usr/local/texlive/2025/texmf-dist/tex/latex/hyperref/
hyperref.sty
Package: hyperref 2024-11-05 v7.01l Hypertext links for LaTeX

(/Volumes/SSD_M2_SATA_1TB/usr/local/texlive/2025/texmf-dist/tex/generic/iftex/i
ftex.sty
Package: iftex 2024/12/12 v1.0g TeX engine tests
)
(/Volumes/SSD_M2_SATA_1TB/usr/local/texlive/2025/texmf-dist/tex/latex/kvsetkeys
/kvsetkeys.sty
Package: kvsetkeys 2022-10-05 v1.19 Key value parser (HO)
)
(/Volumes/SSD_M2_SATA_1TB/usr/local/texlive/2025/texmf-dist/tex/generic/kvdefin
ekeys/kvdefinekeys.sty
Package: kvdefinekeys 2019-12-19 v1.6 Define keys (HO)
)
(/Volumes/SSD_M2_SATA_1TB/usr/local/texlive/2025/texmf-dist/tex/generic/pdfesca
pe/pdfescape.sty
Package: pdfescape 2019/12/09 v1.15 Implements pdfTeX's escape features (HO)

(/Volumes/SSD_M2_SATA_1TB/usr/local/texlive/2025/texmf-dist/tex/generic/ltxcmds
/ltxcmds.sty
Package: ltxcmds 2023-12-04 v1.26 LaTeX kernel commands for general use (HO)
)
(/Volumes/SSD_M2_SATA_1TB/usr/local/texlive/2025/texmf-dist/tex/generic/pdftexc
mds/pdftexcmds.sty
Package: pdftexcmds 2020-06-27 v0.33 Utility functions of pdfTeX for LuaTeX (HO
)

(/Volumes/SSD_M2_SATA_1TB/usr/local/texlive/2025/texmf-dist/tex/generic/infware
rr/infwarerr.sty
Package: infwarerr 2019/12/03 v1.5 Providing info/warning/error messages (HO)
)
Package pdftexcmds Info: \pdf@primitive is available.
Package pdftexcmds Info: \pdf@ifprimitive is available.
Package pdftexcmds Info: \pdfdraftmode found.
))
(/Volumes/SSD_M2_SATA_1TB/usr/local/texlive/2025/texmf-dist/tex/latex/hycolor/h
ycolor.sty
Package: hycolor 2020-01-27 v1.10 Color options for hyperref/bookmark (HO)
)
(/Volumes/SSD_M2_SATA_1TB/usr/local/texlive/2025/texmf-dist/tex/latex/hyperref/
nameref.sty
Package: nameref 2023-11-26 v2.56 Cross-referencing by name of section

(/Volumes/SSD_M2_SATA_1TB/usr/local/texlive/2025/texmf-dist/tex/latex/refcount/
refcount.sty
Package: refcount 2019/12/15 v3.6 Data extraction from label references (HO)
)
(/Volumes/SSD_M2_SATA_1TB/usr/local/texlive/2025/texmf-dist/tex/generic/gettitl
estring/gettitlestring.sty
Package: gettitlestring 2019/12/15 v1.6 Cleanup title references (HO)

(/Volumes/SSD_M2_SATA_1TB/usr/local/texlive/2025/texmf-dist/tex/latex/kvoptions
/kvoptions.sty
Package: kvoptions 2022-06-15 v3.15 Key value format for package options (HO)
))
\c@section@level=\count285
)
(/Volumes/SSD_M2_SATA_1TB/usr/local/texlive/2025/texmf-dist/tex/latex/etoolbox/
etoolbox.sty
Package: etoolbox 2025/02/11 v2.5l e-TeX tools for LaTeX (JAW)
\etb@tempcnta=\count286
)
(/Volumes/SSD_M2_SATA_1TB/usr/local/texlive/2025/texmf-dist/tex/generic/stringe
nc/stringenc.sty
Package: stringenc 2019/11/29 v1.12 Convert strings between diff. encodings (HO
)
)
\@linkdim=\dimen154
\Hy@linkcounter=\count287
\Hy@pagecounter=\count288

(/Volumes/SSD_M2_SATA_1TB/usr/local/texlive/2025/texmf-dist/tex/latex/hyperref/
pd1enc.def
File: pd1enc.def 2024-11-05 v7.01l Hyperref: PDFDocEncoding definition (HO)
Now handling font encoding PD1 ...
... no UTF-8 mapping file for font encoding PD1
)
(/Volumes/SSD_M2_SATA_1TB/usr/local/texlive/2025/texmf-dist/tex/generic/intcalc
/intcalc.sty
Package: intcalc 2019/12/15 v1.3 Expandable calculations with integers (HO)
)
\Hy@SavedSpaceFactor=\count289

(/Volumes/SSD_M2_SATA_1TB/usr/local/texlive/2025/texmf-dist/tex/latex/hyperref/
puenc.def
File: puenc.def 2024-11-05 v7.01l Hyperref: PDF Unicode definition (HO)
Now handling font encoding PU ...
... no UTF-8 mapping file for font encoding PU
)
Package hyperref Info: Hyper figures OFF on input line 4157.
Package hyperref Info: Link nesting OFF on input line 4162.
Package hyperref Info: Hyper index ON on input line 4165.
Package hyperref Info: Plain pages OFF on input line 4172.
Package hyperref Info: Backreferencing OFF on input line 4177.
Package hyperref Info: Implicit mode ON; LaTeX internals redefined.
Package hyperref Info: Bookmarks ON on input line 4424.
\c@Hy@tempcnt=\count290

(/Volumes/SSD_M2_SATA_1TB/usr/local/texlive/2025/texmf-dist/tex/latex/url/url.s
ty
\Urlmuskip=\muskip18
Package: url 2013/09/16  ver 3.4  Verb mode for urls, etc.
)
LaTeX Info: Redefining \url on input line 4763.
\XeTeXLinkMargin=\dimen155

(/Volumes/SSD_M2_SATA_1TB/usr/local/texlive/2025/texmf-dist/tex/generic/bitset/
bitset.sty
Package: bitset 2019/12/09 v1.3 Handle bit-vector datatype (HO)

(/Volumes/SSD_M2_SATA_1TB/usr/local/texlive/2025/texmf-dist/tex/generic/bigintc
alc/bigintcalc.sty
Package: bigintcalc 2019/12/15 v1.5 Expandable calculations on big integers (HO
)
))
\Fld@menulength=\count291
\Field@Width=\dimen156
\Fld@charsize=\dimen157
Package hyperref Info: Hyper figures OFF on input line 6042.
Package hyperref Info: Link nesting OFF on input line 6047.
Package hyperref Info: Hyper index ON on input line 6050.
Package hyperref Info: backreferencing OFF on input line 6057.
Package hyperref Info: Link coloring OFF on input line 6062.
Package hyperref Info: Link coloring with OCG OFF on input line 6067.
Package hyperref Info: PDF/A mode OFF on input line 6072.

(/Volumes/SSD_M2_SATA_1TB/usr/local/texlive/2025/texmf-dist/tex/latex/base/atbe
gshi-ltx.sty
Package: atbegshi-ltx 2021/01/10 v1.0c Emulation of the original atbegshi
package with kernel methods
)
\Hy@abspage=\count292
\c@Item=\count293
\c@Hfootnote=\count294
)
Package hyperref Info: Driver (autodetected): hpdftex.

(/Volumes/SSD_M2_SATA_1TB/usr/local/texlive/2025/texmf-dist/tex/latex/hyperref/
hpdftex.def
File: hpdftex.def 2024-11-05 v7.01l Hyperref driver for pdfTeX

(/Volumes/SSD_M2_SATA_1TB/usr/local/texlive/2025/texmf-dist/tex/latex/base/atve
ryend-ltx.sty
Package: atveryend-ltx 2020/08/19 v1.0a Emulation of the original atveryend pac
kage
with kernel methods
)
\Fld@listcount=\count295
\c@bookmark@seq@number=\count296

(/Volumes/SSD_M2_SATA_1TB/usr/local/texlive/2025/texmf-dist/tex/latex/rerunfile
check/rerunfilecheck.sty
Package: rerunfilecheck 2022-07-10 v1.10 Rerun checks for auxiliary files (HO)

(/Volumes/SSD_M2_SATA_1TB/usr/local/texlive/2025/texmf-dist/tex/generic/uniquec
ounter/uniquecounter.sty
Package: uniquecounter 2019/12/15 v1.4 Provide unlimited unique counter (HO)
)
Package uniquecounter Info: New unique counter `rerunfilecheck' on input line 2
85.
)
\Hy@SectionHShift=\skip54
)
(/Volumes/SSD_M2_SATA_1TB/usr/local/texlive/2025/texmf-dist/tex/latex/booktabs/
booktabs.sty
Package: booktabs 2020/01/12 v1.61803398 Publication quality tables
\heavyrulewidth=\dimen158
\lightrulewidth=\dimen159
\cmidrulewidth=\dimen160
\belowrulesep=\dimen161
\belowbottomsep=\dimen162
\aboverulesep=\dimen163
\abovetopsep=\dimen164
\cmidrulesep=\dimen165
\cmidrulekern=\dimen166
\defaultaddspace=\dimen167
\@cmidla=\count297
\@cmidlb=\count298
\@aboverulesep=\dimen168
\@belowrulesep=\dimen169
\@thisruleclass=\count299
\@lastruleclass=\count300
\@thisrulewidth=\dimen170
)
(/Volumes/SSD_M2_SATA_1TB/usr/local/texlive/2025/texmf-dist/tex/latex/geometry/
geometry.sty
Package: geometry 2020/01/02 v5.9 Page Geometry

(/Volumes/SSD_M2_SATA_1TB/usr/local/texlive/2025/texmf-dist/tex/generic/iftex/i
fvtex.sty
Package: ifvtex 2019/10/25 v1.7 ifvtex legacy package. Use iftex instead.
)
\Gm@cnth=\count301
\Gm@cntv=\count302
\c@Gm@tempcnt=\count303
\Gm@bindingoffset=\dimen171
\Gm@wd@mp=\dimen172
\Gm@odd@mp=\dimen173
\Gm@even@mp=\dimen174
\Gm@layoutwidth=\dimen175
\Gm@layoutheight=\dimen176
\Gm@layouthoffset=\dimen177
\Gm@layoutvoffset=\dimen178
\Gm@dimlist=\toks25
)
(/Volumes/SSD_M2_SATA_1TB/usr/local/texlive/2025/texmf-dist/tex/latex/caption/c
aption.sty
Package: caption 2023/08/05 v3.6o Customizing captions (AR)

(/Volumes/SSD_M2_SATA_1TB/usr/local/texlive/2025/texmf-dist/tex/latex/caption/c
aption3.sty
Package: caption3 2023/07/31 v2.4d caption3 kernel (AR)
\caption@tempdima=\dimen179
\captionmargin=\dimen180
\caption@leftmargin=\dimen181
\caption@rightmargin=\dimen182
\caption@width=\dimen183
\caption@indent=\dimen184
\caption@parindent=\dimen185
\caption@hangindent=\dimen186
Package caption Info: Standard document class detected.
)
\c@caption@flags=\count304
\c@continuedfloat=\count305
Package caption Info: hyperref package is loaded.
)
(/Volumes/SSD_M2_SATA_1TB/usr/local/texlive/2025/texmf-dist/tex/latex/caption/s
ubcaption.sty
Package: subcaption 2023/07/28 v1.6b Sub-captions (AR)
Package caption Info: New subtype `subfigure' on input line 238.
\c@subfigure=\count306
Package caption Info: New subtype `subtable' on input line 238.
\c@subtable=\count307
)
(/Volumes/SSD_M2_SATA_1TB/usr/local/texlive/2025/texmf-dist/tex/latex/float/flo
at.sty
Package: float 2001/11/08 v1.3d Float enhancements (AL)
\c@float@type=\count308
\float@exts=\toks26
\float@box=\box54
\@float@everytoks=\toks27
\@floatcapt=\box55
)
(/Volumes/SSD_M2_SATA_1TB/usr/local/texlive/2025/texmf-dist/tex/latex/tools/tab
ularx.sty
Package: tabularx 2023/12/11 v2.12a `tabularx' package (DPC)

(/Volumes/SSD_M2_SATA_1TB/usr/local/texlive/2025/texmf-dist/tex/latex/tools/arr
ay.sty
Package: array 2024/10/17 v2.6g Tabular extension package (FMi)
\col@sep=\dimen187
\ar@mcellbox=\box56
\extrarowheight=\dimen188
\NC@list=\toks28
\extratabsurround=\skip55
\backup@length=\skip56
\ar@cellbox=\box57
)
\TX@col@width=\dimen189
\TX@old@table=\dimen190
\TX@old@col=\dimen191
\TX@target=\dimen192
\TX@delta=\dimen193
\TX@cols=\count309
\TX@ftn=\toks29
)
(/Volumes/SSD_M2_SATA_1TB/usr/local/texlive/2025/texmf-dist/tex/latex/l3backend
/l3backend-pdftex.def
File: l3backend-pdftex.def 2024-05-08 L3 backend support: PDF output (pdfTeX)
\l__color_backend_stack_int=\count310
\l__pdf_internal_box=\box58
) (./main.aux (./chapters/abstract.aux)
(./chapters/introduction.aux) (./chapters/related_work.aux)
(./chapters/methodology.aux) (./chapters/results.aux)
(./chapters/conclusion.aux))
\openout1 = `main.aux'.

LaTeX Font Info:    Checking defaults for OML/cmm/m/it on input line 22.
LaTeX Font Info:    ... okay on input line 22.
LaTeX Font Info:    Checking defaults for OMS/cmsy/m/n on input line 22.
LaTeX Font Info:    ... okay on input line 22.
LaTeX Font Info:    Checking defaults for OT1/cmr/m/n on input line 22.
LaTeX Font Info:    ... okay on input line 22.
LaTeX Font Info:    Checking defaults for T1/cmr/m/n on input line 22.
LaTeX Font Info:    ... okay on input line 22.
LaTeX Font Info:    Checking defaults for TS1/cmr/m/n on input line 22.
LaTeX Font Info:    ... okay on input line 22.
LaTeX Font Info:    Checking defaults for OMX/cmex/m/n on input line 22.
LaTeX Font Info:    ... okay on input line 22.
LaTeX Font Info:    Checking defaults for U/cmr/m/n on input line 22.
LaTeX Font Info:    ... okay on input line 22.
LaTeX Font Info:    Checking defaults for T5/cmr/m/n on input line 22.
LaTeX Font Info:    ... okay on input line 22.
LaTeX Font Info:    Checking defaults for PD1/pdf/m/n on input line 22.
LaTeX Font Info:    ... okay on input line 22.
LaTeX Font Info:    Checking defaults for PU/pdf/m/n on input line 22.
LaTeX Font Info:    ... okay on input line 22.

(/Volumes/SSD_M2_SATA_1TB/usr/local/texlive/2025/texmf-dist/tex/context/base/mk
ii/supp-pdf.mkii
[Loading MPS to PDF converter (version 2006.09.02).]
\scratchcounter=\count311
\scratchdimen=\dimen194
\scratchbox=\box59
\nofMPsegments=\count312
\nofMParguments=\count313
\everyMPshowfont=\toks30
\MPscratchCnt=\count314
\MPscratchDim=\dimen195
\MPnumerator=\count315
\makeMPintoPDFobject=\count316
\everyMPtoPDFconversion=\toks31
)
(/Volumes/SSD_M2_SATA_1TB/usr/local/texlive/2025/texmf-dist/tex/latex/epstopdf-
pkg/epstopdf-base.sty
Package: epstopdf-base 2020-01-24 v2.11 Base part for package epstopdf
Package epstopdf-base Info: Redefining graphics rule for `.eps' on input line 4
85.

(/Volumes/SSD_M2_SATA_1TB/usr/local/texlive/2025/texmf-dist/tex/latex/latexconf
ig/epstopdf-sys.cfg
File: epstopdf-sys.cfg 2010/07/13 v1.3 Configuration of (r)epstopdf for TeX Liv
e
))
Package hyperref Info: Link coloring OFF on input line 22.
 (./main.out) (./main.out)
\@outlinefile=\write3
\openout3 = `main.out'.


*geometry* driver: auto-detecting
*geometry* detected driver: pdftex
*geometry* verbose mode - [ preamble ] result:
* driver: pdftex
* paper: a4paper
* layout: <same size as paper>
* layoutoffset:(h,v)=(0.0pt,0.0pt)
* modes: 
* h-part:(L,W,R)=(71.13188pt, 455.24411pt, 71.13188pt)
* v-part:(T,H,B)=(71.13188pt, 702.78308pt, 71.13188pt)
* \paperwidth=597.50787pt
* \paperheight=845.04684pt
* \textwidth=455.24411pt
* \textheight=702.78308pt
* \oddsidemargin=-1.1381pt
* \evensidemargin=-1.1381pt
* \topmargin=-38.1381pt
* \headheight=12.0pt
* \headsep=25.0pt
* \topskip=12.0pt
* \footskip=30.0pt
* \marginparwidth=35.0pt
* \marginparsep=10.0pt
* \columnsep=10.0pt
* \skip\footins=10.8pt plus 4.0pt minus 2.0pt
* \hoffset=0.0pt
* \voffset=0.0pt
* \mag=1000
* \@twocolumnfalse
* \@twosidefalse
* \@mparswitchfalse
* \@reversemarginfalse
* (1in=72.27pt=25.4mm, 1cm=28.453pt)

Package caption Info: Begin \AtBeginDocument code.
Package caption Info: float package is loaded.
Package caption Info: End \AtBeginDocument code.
<usth.png, id=136, 1204.5pt x 602.25pt>
File: usth.png Graphic file (type png)
<use usth.png>
Package pdftex.def Info: usth.png  used on input line 29.
(pdftex.def)             Requested size: 227.62206pt x 113.80379pt.
LaTeX Font Info:    Trying to load font information for T5+cmtt on input line 5
0.

(/Volumes/SSD_M2_SATA_1TB/usr/local/texlive/2025/texmf-dist/tex/latex/vntex/t5c
mtt.fd
File: t5cmtt.fd 1999/05/25 v2.5h Standard LaTeX font definitions
)
LaTeX Font Info:    Trying to load font information for U+msa on input line 50.


(/Volumes/SSD_M2_SATA_1TB/usr/local/texlive/2025/texmf-dist/tex/latex/amsfonts/
umsa.fd
File: umsa.fd 2013/01/14 v3.01 AMS symbols A
)
LaTeX Font Info:    Trying to load font information for U+msb on input line 50.


(/Volumes/SSD_M2_SATA_1TB/usr/local/texlive/2025/texmf-dist/tex/latex/amsfonts/
umsb.fd
File: umsb.fd 2013/01/14 v3.01 AMS symbols B
)

[1

{/Volumes/SSD_M2_SATA_1TB/usr/local/texlive/2025/texmf-var/fonts/map/pdftex/upd
map/pdftex.map} <./usth.png>]

[2]
\openout2 = `chapters/abstract.aux'.

 (./chapters/abstract.tex)


pdfTeX warning (ext4): destination with the same identifier (name{page.1}) has 
been already used, duplicate ignored
<to be read again> 
                   \relax 
l.58 \include{chapters/abstract}
                                 [1


] (./main.toc)
\tf@toc=\write4
\openout4 = `main.toc'.




pdfTeX warning (ext4): destination with the same identifier (name{page.2}) has 
been already used, duplicate ignored
<to be read again> 
                   \relax 
l.62 \newpage
              [2



] (./main.lof)
\tf@lof=\write5
\openout5 = `main.lof'.



[3

] (./main.lot)
\tf@lot=\write6
\openout6 = `main.lot'.



[4

]
\openout2 = `chapters/introduction.aux'.

 (./chapters/introduction.tex
Chapter 1.
)

[5


]
\openout2 = `chapters/related_work.aux'.

 (./chapters/related_work.tex
Chapter 2.
)

[6




]

[7]
\openout2 = `chapters/methodology.aux'.

 (./chapters/methodology.tex
Chapter 3.
<../reports/figures/pipeline_flow.png, id=279, 3525.17pt x 3860.4225pt>
File: ../reports/figures/pipeline_flow.png Graphic file (type png)
<use ../reports/figures/pipeline_flow.png>
Package pdftex.def Info: ../reports/figures/pipeline_flow.png  used on input li
ne 7.
(pdftex.def)             Requested size: 386.96027pt x 423.7053pt.


[8




]
Overfull \hbox (1.1611pt too wide) in paragraph at lines 16--17
[]\T5/cmr/bx/n/12 Geometric and Topo-log-i-cal Anal-y-sis: \T5/cmr/m/n/12 To un
-der-stand the struc-ture of the learned
 []



[9 <../reports/figures/pipeline_flow.png>]
<../reports/figures/class_distribution_10_classes.png, id=295, 731.3724pt x 410
.9754pt>
File: ../reports/figures/class_distribution_10_classes.png Graphic file (type p
ng)
<use ../reports/figures/class_distribution_10_classes.png>
Package pdftex.def Info: ../reports/figures/class_distribution_10_classes.png  
used on input line 27.
(pdftex.def)             Requested size: 364.19667pt x 204.65315pt.
<../reports/figures/meta_reference.png, id=298, 854.2314pt x 353.6412pt>
File: ../reports/figures/meta_reference.png Graphic file (type png)
<use ../reports/figures/meta_reference.png>
Package pdftex.def Info: ../reports/figures/meta_reference.png  used on input l
ine 37.
(pdftex.def)             Requested size: 386.96027pt x 160.1947pt.


[10 <../reports/figures/class_distribution_10_classes.png>]
<../reports/figures/dataset_samples.png, id=305, 854.2314pt x 360.8682pt>
File: ../reports/figures/dataset_samples.png Graphic file (type png)
<use ../reports/figures/dataset_samples.png>
Package pdftex.def Info: ../reports/figures/dataset_samples.png  used on input 
line 44.
(pdftex.def)             Requested size: 386.96027pt x 163.46843pt.


[11 <../reports/figures/meta_reference.png> <../reports/figures/dataset_samples
.png>]
Overfull \hbox (37.93692pt too wide) in paragraph at lines 61--62
[]\T5/cmr/m/n/12 The im-ple-men-ta-tion is car-ried out us-ing the \T5/cmtt/m/n
/12 PyTorch \T5/cmr/m/n/12 frame-work and the \T5/cmtt/m/n/12 torchvision.model
s
 []


Overfull \hbox (2.36555pt too wide) in paragraph at lines 63--63
[]\T5/cmr/bx/n/17.28 Comparative Anal-y-sis of Fea-ture Rep-re-sen-ta-tions 
 []



[12{/Volumes/SSD_M2_SATA_1TB/usr/local/texlive/2025/texmf-dist/fonts/enc/dvips/
cm-super/cm-super-ts1.enc}]
<../reports/figures/pca_variance_comparison.png, id=329, 611.6451pt x 394.5942p
t>
File: ../reports/figures/pca_variance_comparison.png Graphic file (type png)
<use ../reports/figures/pca_variance_comparison.png>
Package pdftex.def Info: ../reports/figures/pca_variance_comparison.png  used o
n input line 114.
(pdftex.def)             Requested size: 364.19667pt x 234.95805pt.


[13]
Overfull \hbox (9.62001pt too wide) in paragraph at lines 122--123
[]\T5/cmr/m/n/12 Table []3.2[] presents the quan-ti-ta-tive val-i-da-tion cal-c
u-lated di-rectly on the 2048-dimensional
 []



[14 <../reports/figures/pca_variance_comparison.png>]
<../reports/figures/pca_3d_resnet50_static.png, id=349, 1328.965pt x 618.31pt>
File: ../reports/figures/pca_3d_resnet50_static.png Graphic file (type png)
<use ../reports/figures/pca_3d_resnet50_static.png>
Package pdftex.def Info: ../reports/figures/pca_3d_resnet50_static.png  used on
 input line 148.
(pdftex.def)             Requested size: 218.51521pt x 101.65822pt.
<../reports/figures/pca_3d_inceptionv3_static.png, id=350, 1328.965pt x 618.31p
t>
File: ../reports/figures/pca_3d_inceptionv3_static.png Graphic file (type png)
<use ../reports/figures/pca_3d_inceptionv3_static.png>
Package pdftex.def Info: ../reports/figures/pca_3d_inceptionv3_static.png  used
 on input line 154.
(pdftex.def)             Requested size: 218.51521pt x 101.65822pt.
<../reports/figures/umap_3d_resnet50_static.png, id=351, 1328.965pt x 618.31pt>

File: ../reports/figures/umap_3d_resnet50_static.png Graphic file (type png)
<use ../reports/figures/umap_3d_resnet50_static.png>
Package pdftex.def Info: ../reports/figures/umap_3d_resnet50_static.png  used o
n input line 160.
(pdftex.def)             Requested size: 218.51521pt x 101.65822pt.
<../reports/figures/umap_3d_inceptionv3_static.png, id=352, 1328.965pt x 618.31
pt>
File: ../reports/figures/umap_3d_inceptionv3_static.png Graphic file (type png)

<use ../reports/figures/umap_3d_inceptionv3_static.png>
Package pdftex.def Info: ../reports/figures/umap_3d_inceptionv3_static.png  use
d on input line 166.
(pdftex.def)             Requested size: 218.51521pt x 101.65822pt.


[15 <../reports/figures/pca_3d_resnet50_static.png> <../reports/figures/pca_3d_
inceptionv3_static.png> <../reports/figures/umap_3d_resnet50_static.png> <../re
ports/figures/umap_3d_inceptionv3_static.png>])

[16]
\openout2 = `chapters/results.aux'.

 (./chapters/results.tex
Chapter 4.

Overfull \hbox (2.43706pt too wide) in paragraph at lines 3--4
\T5/cmr/m/n/12 This chap-ter presents the fi-nal ex-per-i-men-tal re-sults of t
he traf-fic sign clas-si-fi-ca-tion pipeline.
 []


Overfull \hbox (14.23705pt too wide) in paragraph at lines 37--45
 [][] 
 []



[17




]

[18]
<../reports/performance/inceptionv3_confusion_matrix.png, id=384, 867.24pt x 72
2.7pt>
File: ../reports/performance/inceptionv3_confusion_matrix.png Graphic file (typ
e png)
<use ../reports/performance/inceptionv3_confusion_matrix.png>
Package pdftex.def Info: ../reports/performance/inceptionv3_confusion_matrix.pn
g  used on input line 121.
(pdftex.def)             Requested size: 218.51521pt x 182.08607pt.
<../reports/performance/inceptionv3_rbf_confusion_matrix.png, id=385, 867.24pt 
x 722.7pt>
File: ../reports/performance/inceptionv3_rbf_confusion_matrix.png Graphic file 
(type png)
<use ../reports/performance/inceptionv3_rbf_confusion_matrix.png>
Package pdftex.def Info: ../reports/performance/inceptionv3_rbf_confusion_matri
x.png  used on input line 127.
(pdftex.def)             Requested size: 218.51521pt x 182.08607pt.
<../reports/performance/resnet50_confusion_matrix.png, id=386, 867.24pt x 722.7
pt>
File: ../reports/performance/resnet50_confusion_matrix.png Graphic file (type p
ng)
<use ../reports/performance/resnet50_confusion_matrix.png>
Package pdftex.def Info: ../reports/performance/resnet50_confusion_matrix.png  
used on input line 133.
(pdftex.def)             Requested size: 218.51521pt x 182.08607pt.
<../reports/performance/resnet50_rbf_confusion_matrix.png, id=387, 867.24pt x 7
22.7pt>
File: ../reports/performance/resnet50_rbf_confusion_matrix.png Graphic file (ty
pe png)
<use ../reports/performance/resnet50_rbf_confusion_matrix.png>
Package pdftex.def Info: ../reports/performance/resnet50_rbf_confusion_matrix.p
ng  used on input line 139.
(pdftex.def)             Requested size: 218.51521pt x 182.08607pt.


[19]
<../reports/performance/misclassified_samples.png, id=393, 1156.32pt x 578.16pt
>
File: ../reports/performance/misclassified_samples.png Graphic file (type png)
<use ../reports/performance/misclassified_samples.png>
Package pdftex.def Info: ../reports/performance/misclassified_samples.png  used
 on input line 153.
(pdftex.def)             Requested size: 432.48051pt x 216.23604pt.


[20 <../reports/performance/inceptionv3_confusion_matrix.png> <../reports/perfo
rmance/inceptionv3_rbf_confusion_matrix.png> <../reports/performance/resnet50_c
onfusion_matrix.png> <../reports/performance/resnet50_rbf_confusion_matrix.png>
]

[21 <../reports/performance/misclassified_samples.png>]

[22]
<../reports/experiments/manifold_3d/rfc_resnet50_cm.png, id=417, 722.7pt x 578.
16pt>
File: ../reports/experiments/manifold_3d/rfc_resnet50_cm.png Graphic file (type
 png)
<use ../reports/experiments/manifold_3d/rfc_resnet50_cm.png>
Package pdftex.def Info: ../reports/experiments/manifold_3d/rfc_resnet50_cm.png
  used on input line 247.
(pdftex.def)             Requested size: 218.51521pt x 174.80792pt.
<../reports/experiments/manifold_3d/rfc_inceptionv3_cm.png, id=418, 722.7pt x 5
78.16pt>
File: ../reports/experiments/manifold_3d/rfc_inceptionv3_cm.png Graphic file (t
ype png)
<use ../reports/experiments/manifold_3d/rfc_inceptionv3_cm.png>
Package pdftex.def Info: ../reports/experiments/manifold_3d/rfc_inceptionv3_cm.
png  used on input line 253.
(pdftex.def)             Requested size: 218.51521pt x 174.80792pt.
)

[23]

[24 <../reports/experiments/manifold_3d/rfc_resnet50_cm.png> <../reports/experi
ments/manifold_3d/rfc_inceptionv3_cm.png>]
\openout2 = `chapters/conclusion.aux'.

 (./chapters/conclusion.tex
Chapter 5.
)

[25




]

[26] (./main.bbl)

[27



] (./main.aux (./chapters/abstract.aux) (./chapters/introduction.aux)
(./chapters/related_work.aux) (./chapters/methodology.aux)
(./chapters/results.aux) (./chapters/conclusion.aux))
 ***********
LaTeX2e <2024-11-01> patch level 2
L3 programming layer <2025-01-18>
 ***********
Package rerunfilecheck Info: File `main.out' has not changed.
(rerunfilecheck)             Checksum: 531978A451E9B16EB6714167A397E786;7019.
 ) 
Here is how much of TeX's memory you used:
 14135 strings out of 473190
 233299 string characters out of 5715800
 644800 words of memory out of 5000000
 37037 multiletter control sequences out of 15000+600000
 575683 words of font info for 68 fonts, out of 8000000 for 9000
 1141 hyphenation exceptions out of 8191
 75i,10n,79p,1435b,548s stack positions out of 10000i,1000n,20000p,200000b,200000s
</Volumes/SSD_M2_SATA_1TB/usr/local/texlive/2025/texmf-dist/fonts/type1/publi
c/amsfonts/cm/cmex10.pfb></Volumes/SSD_M2_SATA_1TB/usr/local/texlive/2025/texmf
-dist/fonts/type1/public/amsfonts/cm/cmmi12.pfb></Volumes/SSD_M2_SATA_1TB/usr/l
ocal/texlive/2025/texmf-dist/fonts/type1/public/amsfonts/cm/cmmi8.pfb></Volumes
/SSD_M2_SATA_1TB/usr/local/texlive/2025/texmf-dist/fonts/type1/public/amsfonts/
cm/cmr12.pfb></Volumes/SSD_M2_SATA_1TB/usr/local/texlive/2025/texmf-dist/fonts/
type1/public/amsfonts/cm/cmr8.pfb></Volumes/SSD_M2_SATA_1TB/usr/local/texlive/2
025/texmf-dist/fonts/type1/public/amsfonts/cm/cmsy10.pfb></Volumes/SSD_M2_SATA_
1TB/usr/local/texlive/2025/texmf-dist/fonts/type1/public/amsfonts/cm/cmsy8.pfb>
</Volumes/SSD_M2_SATA_1TB/usr/local/texlive/2025/texmf-dist/fonts/type1/public/
cm-super/sfrm1200.pfb></Volumes/SSD_M2_SATA_1TB/usr/local/texlive/2025/texmf-di
st/fonts/type1/vntex/vnr/vnbx12.pfb></Volumes/SSD_M2_SATA_1TB/usr/local/texlive
/2025/texmf-dist/fonts/type1/vntex/vnr/vnr10.pfb></Volumes/SSD_M2_SATA_1TB/usr/
local/texlive/2025/texmf-dist/fonts/type1/vntex/vnr/vnr12.pfb></Volumes/SSD_M2_
SATA_1TB/usr/local/texlive/2025/texmf-dist/fonts/type1/vntex/vnr/vnti12.pfb></V
olumes/SSD_M2_SATA_1TB/usr/local/texlive/2025/texmf-dist/fonts/type1/vntex/vnr/
vntt12.pfb>
Output written on main.pdf (29 pages, 2032457 bytes).
PDF statistics:
 528 PDF objects out of 1000 (max. 8388607)
 436 compressed objects within 5 object streams
 116 named destinations out of 1000 (max. 500000)
 350 words of extra memory for PDF output out of 10000 (max. 10000000)

