\BOOKMARK [1][]{section.1}{\376\377\0001\000\040\000K\000-\000n\000e\000a\000r\000e\000s\000t\000\040\000n\000e\000i\000g\000h\000b\000o\000r\000\040\000c\000l\000a\000s\000s\000i\000f\000i\000c\000a\000t\000i\000o\000n}{}% 1
\BOOKMARK [2][]{subsection.1.1}{\376\377\0001\000.\0001\000\040\000S\000e\000l\000e\000c\000t\000\040\000t\000w\000o\000\040\000d\000a\000t\000a\000s\000e\000t\000s\000\040\000w\000i\000t\000h\000\040\000l\000a\000b\000e\000l\000s}{section.1}% 2
\BOOKMARK [2][]{subsection.1.2}{\376\377\0001\000.\0002\000\040\000R\000u\000n\000\040\000K\000-\000N\000N\000\040\000o\000n\000\040\000t\000h\000e\000s\000e\000\040\000t\000w\000o\000\040\000d\000a\000t\000a\000s\000e\000t\000s\000\040\000a\000n\000d\000\040\000c\000a\000l\000c\000u\000l\000a\000t\000e\000\040\000c\000l\000a\000s\000s\000i\000f\000i\000c\000a\000t\000i\000o\000n\000\040\000e\000r\000r\000o\000r}{section.1}% 3
\BOOKMARK [3][]{subsubsection.1.2.1}{\376\377\0001\000.\0002\000.\0001\000\040\000M\000e\000t\000h\000o\000d\000o\000l\000o\000g\000y\000\040\000a\000n\000d\000\040\000A\000l\000g\000o\000r\000i\000t\000h\000m\000\040\000D\000e\000s\000c\000r\000i\000p\000t\000i\000o\000n}{subsection.1.2}% 4
\BOOKMARK [3][]{subsubsection.1.2.2}{\376\377\0001\000.\0002\000.\0002\000\040\000I\000m\000p\000l\000e\000m\000e\000n\000t\000a\000t\000i\000o\000n\000\040\000D\000e\000t\000a\000i\000l\000s}{subsection.1.2}% 5
\BOOKMARK [3][]{subsubsection.1.2.3}{\376\377\0001\000.\0002\000.\0003\000\040\000P\000e\000r\000f\000o\000r\000m\000a\000n\000c\000e\000\040\000M\000e\000t\000r\000i\000c\000:\000\040\000A\000c\000c\000u\000r\000a\000c\000y\000\040\000a\000n\000d\000\040\000E\000r\000r\000o\000r\000\040\000c\000a\000l\000c\000u\000l\000a\000t\000i\000o\000n}{subsection.1.2}% 6
\BOOKMARK [3][]{subsubsection.1.2.4}{\376\377\0001\000.\0002\000.\0004\000\040\000E\000x\000p\000e\000r\000i\000m\000e\000n\000t\000a\000l\000\040\000R\000e\000s\000u\000l\000t\000s}{subsection.1.2}% 7
\BOOKMARK [3][]{subsubsection.1.2.5}{\376\377\0001\000.\0002\000.\0005\000\040\000C\000o\000n\000f\000u\000s\000i\000o\000n\000\040\000M\000a\000t\000r\000i\000x\000\040\000A\000n\000a\000l\000y\000s\000i\000s}{subsection.1.2}% 8
\BOOKMARK [2][]{subsection.1.3}{\376\377\0001\000.\0003\000\040\000V\000a\000r\000y\000\040\000t\000h\000e\000\040\000v\000a\000l\000u\000e\000\040\000o\000f\000\040\000k\000,\000\040\000c\000o\000m\000m\000e\000n\000t\000\040\000o\000n\000\040\000t\000h\000e\000\040\000r\000e\000s\000u\000l\000t\000s}{section.1}% 9
\BOOKMARK [3][]{subsubsection.1.3.1}{\376\377\0001\000.\0003\000.\0001\000\040\000T\000h\000e\000o\000r\000e\000t\000i\000c\000a\000l\000\040\000B\000a\000c\000k\000g\000r\000o\000u\000n\000d}{subsection.1.3}% 10
\BOOKMARK [3][]{subsubsection.1.3.2}{\376\377\0001\000.\0003\000.\0002\000\040\000E\000x\000p\000e\000r\000i\000m\000e\000n\000t\000a\000l\000\040\000S\000e\000t\000u\000p}{subsection.1.3}% 11
\BOOKMARK [3][]{subsubsection.1.3.3}{\376\377\0001\000.\0003\000.\0003\000\040\000A\000n\000a\000l\000y\000s\000i\000s\000\040\000a\000n\000d\000\040\000I\000n\000t\000e\000r\000p\000r\000e\000t\000a\000t\000i\000o\000n}{subsection.1.3}% 12
\BOOKMARK [3][]{subsubsection.1.3.4}{\376\377\0001\000.\0003\000.\0004\000\040\000O\000p\000t\000i\000m\000a\000l\000\040\000k\000\040\000S\000e\000l\000e\000c\000t\000i\000o\000n}{subsection.1.3}% 13
\BOOKMARK [2][]{subsection.1.4}{\376\377\0001\000.\0004\000\040\000T\000r\000y\000\040\000t\000o\000\040\000n\000o\000r\000m\000a\000l\000i\000z\000e\000\040\000t\000h\000e\000\040\000i\000n\000p\000u\000t\000\040\000d\000a\000t\000a\000s\000e\000t\000,\000\040\000i\000s\000\040\000t\000h\000e\000\040\000p\000e\000r\000f\000o\000r\000m\000a\000n\000c\000e\000\040\000b\000e\000t\000t\000e\000r\000?}{section.1}% 14
\BOOKMARK [3][]{subsubsection.1.4.1}{\376\377\0001\000.\0004\000.\0001\000\040\000M\000o\000t\000i\000v\000a\000t\000i\000o\000n\000\040\000a\000n\000d\000\040\000T\000h\000e\000o\000r\000e\000t\000i\000c\000a\000l\000\040\000B\000a\000c\000k\000g\000r\000o\000u\000n\000d}{subsection.1.4}% 15
\BOOKMARK [3][]{subsubsection.1.4.2}{\376\377\0001\000.\0004\000.\0002\000\040\000N\000o\000r\000m\000a\000l\000i\000z\000a\000t\000i\000o\000n\000\040\000M\000e\000t\000h\000o\000d}{subsection.1.4}% 16
\BOOKMARK [3][]{subsubsection.1.4.3}{\376\377\0001\000.\0004\000.\0003\000\040\000E\000x\000p\000e\000r\000i\000m\000e\000n\000t\000a\000l\000\040\000R\000e\000s\000u\000l\000t\000s}{subsection.1.4}% 17
\BOOKMARK [3][]{subsubsection.1.4.4}{\376\377\0001\000.\0004\000.\0004\000\040\000A\000n\000a\000l\000y\000s\000i\000s\000\040\000a\000n\000d\000\040\000I\000n\000t\000e\000r\000p\000r\000e\000t\000a\000t\000i\000o\000n}{subsection.1.4}% 18
\BOOKMARK [2][]{subsection.1.5}{\376\377\0001\000.\0005\000\040\000A\000p\000p\000l\000y\000\040\000P\000C\000A\000\040\000a\000n\000d\000\040\000S\000V\000D\000\040\000o\000n\000\040\000t\000h\000e\000\040\000d\000a\000t\000a\000s\000e\000t}{section.1}% 19
\BOOKMARK [3][]{subsubsection.1.5.1}{\376\377\0001\000.\0005\000.\0001\000\040\000T\000h\000e\000o\000r\000e\000t\000i\000c\000a\000l\000\040\000B\000a\000c\000k\000g\000r\000o\000u\000n\000d}{subsection.1.5}% 20
\BOOKMARK [3][]{subsubsection.1.5.2}{\376\377\0001\000.\0005\000.\0002\000\040\000E\000x\000p\000e\000r\000i\000m\000e\000n\000t\000a\000l\000\040\000S\000e\000t\000u\000p}{subsection.1.5}% 21
\BOOKMARK [3][]{subsubsection.1.5.3}{\376\377\0001\000.\0005\000.\0003\000\040\000D\000i\000m\000e\000n\000s\000i\000o\000n\000a\000l\000i\000t\000y\000\040\000R\000e\000d\000u\000c\000t\000i\000o\000n\000\040\000R\000e\000s\000u\000l\000t\000s}{subsection.1.5}% 22
\BOOKMARK [3][]{subsubsection.1.5.4}{\376\377\0001\000.\0005\000.\0004\000\040\000A\000n\000a\000l\000y\000s\000i\000s\000\040\000a\000n\000d\000\040\000I\000n\000t\000e\000r\000p\000r\000e\000t\000a\000t\000i\000o\000n}{subsection.1.5}% 23
\BOOKMARK [2][]{subsection.1.6}{\376\377\0001\000.\0006\000\040\000P\000r\000o\000p\000o\000s\000e\000\040\000a\000n\000\040\000a\000p\000p\000r\000o\000a\000c\000h\000\040\000t\000o\000\040\000i\000m\000p\000r\000o\000v\000e\000\040\000p\000e\000r\000f\000o\000r\000m\000a\000n\000c\000e\000\040\000w\000i\000t\000h\000\040\000K\000-\000c\000r\000o\000s\000s\000\040\000v\000a\000l\000i\000d\000a\000t\000i\000o\000n}{section.1}% 24
\BOOKMARK [3][]{subsubsection.1.6.1}{\376\377\0001\000.\0006\000.\0001\000\040\000M\000o\000t\000i\000v\000a\000t\000i\000o\000n\000\040\000a\000n\000d\000\040\000T\000h\000e\000o\000r\000e\000t\000i\000c\000a\000l\000\040\000B\000a\000c\000k\000g\000r\000o\000u\000n\000d}{subsection.1.6}% 25
\BOOKMARK [3][]{subsubsection.1.6.2}{\376\377\0001\000.\0006\000.\0002\000\040\000E\000x\000p\000e\000r\000i\000m\000e\000n\000t\000a\000l\000\040\000R\000e\000s\000u\000l\000t\000s}{subsection.1.6}% 26
\BOOKMARK [3][]{subsubsection.1.6.3}{\376\377\0001\000.\0006\000.\0003\000\040\000A\000n\000a\000l\000y\000s\000i\000s\000\040\000a\000n\000d\000\040\000I\000n\000t\000e\000r\000p\000r\000e\000t\000a\000t\000i\000o\000n}{subsection.1.6}% 27
\BOOKMARK [2][]{subsection.1.7}{\376\377\0001\000.\0007\000\040\000A\000p\000p\000l\000y\000\040\000l\000e\000a\000v\000e\000-\000o\000n\000e\000-\000o\000u\000t\000\040\000a\000n\000d\000\040\000c\000a\000l\000c\000u\000l\000a\000t\000e\000\040\000t\000h\000e\000\040\000e\000r\000r\000o\000r}{section.1}% 28
\BOOKMARK [3][]{subsubsection.1.7.1}{\376\377\0001\000.\0007\000.\0001\000\040\000T\000h\000e\000o\000r\000e\000t\000i\000c\000a\000l\000\040\000B\000a\000c\000k\000g\000r\000o\000u\000n\000d}{subsection.1.7}% 29
\BOOKMARK [3][]{subsubsection.1.7.2}{\376\377\0001\000.\0007\000.\0002\000\040\000E\000x\000p\000e\000r\000i\000m\000e\000n\000t\000a\000l\000\040\000R\000e\000s\000u\000l\000t\000s}{subsection.1.7}% 30
\BOOKMARK [3][]{subsubsection.1.7.3}{\376\377\0001\000.\0007\000.\0003\000\040\000A\000n\000a\000l\000y\000s\000i\000s\000\040\000a\000n\000d\000\040\000I\000n\000t\000e\000r\000p\000r\000e\000t\000a\000t\000i\000o\000n}{subsection.1.7}% 31
\BOOKMARK [1][]{section.2}{\376\377\0002\000\040\000S\000V\000M\000\040\000c\000l\000a\000s\000s\000i\000f\000i\000e\000r}{}% 32
\BOOKMARK [2][]{subsection.2.1}{\376\377\0002\000.\0001\000\040\000S\000e\000l\000e\000c\000t\000\040\000t\000w\000o\000\040\000d\000a\000t\000a\000s\000e\000t\000s\000\040\000w\000i\000t\000h\000\040\000l\000a\000b\000e\000l\000s}{section.2}% 33
\BOOKMARK [2][]{subsection.2.2}{\376\377\0002\000.\0002\000\040\000A\000n\000a\000l\000y\000z\000e\000\040\000t\000h\000e\000\040\000d\000a\000t\000a\000s\000e\000t\000:\000\040\000D\000i\000s\000t\000r\000i\000b\000u\000t\000i\000o\000n\000\040\000a\000n\000d\000\040\000S\000e\000p\000a\000r\000a\000b\000i\000l\000i\000t\000y}{section.2}% 34
\BOOKMARK [3][]{subsubsection.2.2.1}{\376\377\0002\000.\0002\000.\0001\000\040\000T\000h\000e\000o\000r\000e\000t\000i\000c\000a\000l\000\040\000B\000a\000c\000k\000g\000r\000o\000u\000n\000d\000:\000\040\000S\000V\000M\000\040\000K\000e\000r\000n\000e\000l\000s}{subsection.2.2}% 35
\BOOKMARK [3][]{subsubsection.2.2.2}{\376\377\0002\000.\0002\000.\0002\000\040\000E\000x\000p\000e\000r\000i\000m\000e\000n\000t\000a\000l\000\040\000A\000p\000p\000r\000o\000a\000c\000h}{subsection.2.2}% 36
\BOOKMARK [3][]{subsubsection.2.2.3}{\376\377\0002\000.\0002\000.\0003\000\040\000A\000n\000a\000l\000y\000s\000i\000s\000\040\000a\000n\000d\000\040\000I\000n\000t\000e\000r\000p\000r\000e\000t\000a\000t\000i\000o\000n}{subsection.2.2}% 37
\BOOKMARK [2][]{subsection.2.3}{\376\377\0002\000.\0003\000\040\000S\000e\000t\000\040\000u\000p\000\040\000t\000h\000e\000\040\000S\000V\000M\000\040\000p\000a\000r\000a\000m\000e\000t\000e\000r\000s\000\040\000s\000u\000i\000t\000a\000b\000l\000e\000\040\000t\000o\000\040\000t\000h\000e\000\040\000s\000e\000l\000e\000c\000t\000e\000d\000\040\000d\000a\000t\000a\000s\000e\000t\000s}{section.2}% 38
\BOOKMARK [3][]{subsubsection.2.3.1}{\376\377\0002\000.\0003\000.\0001\000\040\000T\000h\000e\000o\000r\000e\000t\000i\000c\000a\000l\000\040\000B\000a\000c\000k\000g\000r\000o\000u\000n\000d\000:\000\040\000S\000V\000M\000\040\000H\000y\000p\000e\000r\000p\000a\000r\000a\000m\000e\000t\000e\000r\000s}{subsection.2.3}% 39
\BOOKMARK [3][]{subsubsection.2.3.2}{\376\377\0002\000.\0003\000.\0002\000\040\000P\000a\000r\000a\000m\000e\000t\000e\000r\000\040\000S\000e\000l\000e\000c\000t\000i\000o\000n\000\040\000S\000t\000r\000a\000t\000e\000g\000y}{subsection.2.3}% 40
\BOOKMARK [3][]{subsubsection.2.3.3}{\376\377\0002\000.\0003\000.\0003\000\040\000J\000u\000s\000t\000i\000f\000i\000c\000a\000t\000i\000o\000n}{subsection.2.3}% 41
\BOOKMARK [2][]{subsection.2.4}{\376\377\0002\000.\0004\000\040\000W\000h\000a\000t\000\040\000i\000s\000\040\000t\000h\000e\000\040\000p\000e\000r\000f\000o\000r\000m\000a\000n\000c\000e\000\040\000o\000f\000\040\000S\000V\000M\000s\000?}{section.2}% 42
\BOOKMARK [3][]{subsubsection.2.4.1}{\376\377\0002\000.\0004\000.\0001\000\040\000P\000e\000r\000f\000o\000r\000m\000a\000n\000c\000e\000\040\000M\000e\000t\000r\000i\000c\000s}{subsection.2.4}% 43
\BOOKMARK [3][]{subsubsection.2.4.2}{\376\377\0002\000.\0004\000.\0002\000\040\000A\000n\000a\000l\000y\000s\000i\000s\000\040\000a\000n\000d\000\040\000I\000n\000t\000e\000r\000p\000r\000e\000t\000a\000t\000i\000o\000n}{subsection.2.4}% 44
\BOOKMARK [2][]{subsection.2.5}{\376\377\0002\000.\0005\000\040\000H\000o\000w\000\040\000c\000a\000n\000\040\000S\000V\000M\000\040\000h\000a\000n\000d\000l\000e\000\040\000m\000u\000l\000t\000i\000-\000c\000l\000a\000s\000s\000\040\000d\000a\000t\000a\000s\000e\000t\000s\000?}{section.2}% 45
\BOOKMARK [3][]{subsubsection.2.5.1}{\376\377\0002\000.\0005\000.\0001\000\040\000T\000h\000e\000o\000r\000e\000t\000i\000c\000a\000l\000\040\000B\000a\000c\000k\000g\000r\000o\000u\000n\000d\000:\000\040\000M\000u\000l\000t\000i\000-\000c\000l\000a\000s\000s\000\040\000S\000t\000r\000a\000t\000e\000g\000i\000e\000s}{subsection.2.5}% 46
\BOOKMARK [3][]{subsubsection.2.5.2}{\376\377\0002\000.\0005\000.\0002\000\040\000I\000m\000p\000l\000e\000m\000e\000n\000t\000a\000t\000i\000o\000n\000\040\000i\000n\000\040\000s\000k\000l\000e\000a\000r\000n}{subsection.2.5}% 47
\BOOKMARK [3][]{subsubsection.2.5.3}{\376\377\0002\000.\0005\000.\0003\000\040\000A\000n\000a\000l\000y\000s\000i\000s\000\040\000a\000n\000d\000\040\000I\000n\000t\000e\000r\000p\000r\000e\000t\000a\000t\000i\000o\000n}{subsection.2.5}% 48
